stm32f407xx_spi_driver.c:25:6:SPI_PeriClockControl	16	static
stm32f407xx_spi_driver.c:60:6:SPI_Init	24	static
stm32f407xx_spi_driver.c:131:6:SPI_DeInit	16	static
stm32f407xx_spi_driver.c:154:9:SPI_GetFlagStatus	16	static
stm32f407xx_spi_driver.c:175:6:SPI_SSIConfig	16	static
stm32f407xx_spi_driver.c:197:6:SPI_SSOEConfig	16	static
stm32f407xx_spi_driver.c:219:6:SPI_PeripheralControl	16	static
stm32f407xx_spi_driver.c:240:6:SPI_SendData	32	static
stm32f407xx_spi_driver.c:292:6:SPI_ReceiveData	24	static
stm32f407xx_spi_driver.c:328:9:I2C_SendData_IT	24	static
stm32f407xx_spi_driver.c:360:9:SPI_ReceiveData_IT	24	static
stm32f407xx_spi_driver.c:392:6:SPI_IRQInterruptConfig	16	static
stm32f407xx_spi_driver.c:447:6:SPI_IRQPriorityConfig	24	static
stm32f407xx_spi_driver.c:456:6:SPI_IRQHandler	24	static
stm32f407xx_spi_driver.c:490:13:spi_txe_interrupt_handle	16	static
stm32f407xx_spi_driver.c:517:13:spi_rxne_interrupt_handle	16	static
stm32f407xx_spi_driver.c:544:13:spi_ovr_interrupt_handle	24	static
stm32f407xx_spi_driver.c:558:6:SPI_ClearOVRFlag	24	static
stm32f407xx_spi_driver.c:566:6:SPI_CloseTransmission	16	static
stm32f407xx_spi_driver.c:578:6:SPI_CloseReception	16	static
stm32f407xx_spi_driver.c:590:28:SPI_ApplicationEventCallback	16	static
