15:22:43 **** Incremental Build of configuration Debug for project HelloWorld ****
make -j8 all 
arm-none-eabi-gcc "../Src/main.c" -mcpu=cortex-m4 -std=gnu11 -g3 -DSTM32 -DSTM32F407G_DISC1 -DSTM32F4 -DSTM32F407VGTx -DDEBUG -c -I../Inc -O0 -ffunction-sections -fdata-sections -Wall -fstack-usage -MMD -MP -MF"Src/main.d" -MT"Src/main.o" --specs=nano.specs -mfloat-abi=soft -mthumb -o "Src/main.o"
arm-none-eabi-gcc -o "HelloWorld.elf" @"objects.list"   -mcpu=cortex-m4 -T"C:\Users\class\OneDrive\Desktop\Embedded_Driver_Development\Project1\HelloWorld\STM32F407VGTX_FLASH.ld" --specs=nosys.specs -Wl,-Map="HelloWorld.map" -Wl,--gc-sections -static --specs=nano.specs -mfloat-abi=soft -mthumb -Wl,--start-group -lc -lm -Wl,--end-group
Finished building target: HelloWorld.elf
 
arm-none-eabi-objdump -h -S  HelloWorld.elf  > "HelloWorld.list"
arm-none-eabi-size   HelloWorld.elf 
arm-none-eabi-objcopy  -O binary  HelloWorld.elf  "HelloWorld.bin"
   text	   data	    bss	    dec	    hex	filename
   5172	    108	   1580	   6860	   1acc	HelloWorld.elf
Finished building: default.size.stdout
 
Finished building: HelloWorld.list
 
Finished building: HelloWorld.bin
 

15:22:46 Build Finished. 0 errors, 0 warnings. (took 2s.769ms)

